a: 42, g: HI!, m: 11, n: 21
a: 42, g: HI!, m: 11, z: 21
