179*179=32041 179*180=32220 179*181=32399 
180*179=32220 180*180=32400 180*181=32580 
181*179=32399 181*180=32580 181*181=32761 
