57*57=3249 57*58=3306 57*59=3363 
58*57=3306 58*58=3364 58*59=3422 
59*57=3363 59*58=3422 59*59=3481 
