1384*1384=1915456 1384*1385=1916840 1384*1386=1918224 
1385*1384=1916840 1385*1385=1918225 1385*1386=1919610 
1386*1384=1918224 1386*1385=1919610 1386*1386=1920996 
