ВСЕМ ПРИВЕТ ДОРОГИЕ ДРУЗЬЯ С ВАМИ ДЕМОН И АНДРОЙД
