3
Mamba destroyed!
2
Mamba destroyed!
Mamba destroyed!
