__init__: ('Suzy',), {}
Hello, my name is Suzy
boo: (), {}
Suzy is scared!
