__init__: (3,), {}
metametameta
alien_mark: (1001,), {}
maybe
