__init__: (), {}
Radio cheeeck!
seb: (), {}
Here comes Sebastion Vettel...
