[-5, 0, 11, 13, 22, 28, 33, 35, 38, 40, 47, 58, 76, 84, 95, 100]
