[-1140, -332, -13, -1, 22, 28, 35, 38, 47, 56, 58, 70, 95, 131, 184, 6276]
