#####
#...#
#...#
#...#
#...#
#...#
#~~~#
#~~~#
#~~~#
#####
.................... 16/24
~~~~~~~~~~            8/24
