[-9.9, -7.7, -5.5, -3.3, -1.1, 2.2, 4.4, 6.6, 8.8, 10]
