-1
['Hello', 'world']
2.1161231740339046
Have_a_good_day_mate:=),4_()_7
