[1, 8, 15, 24, 31, 36, 239, 430, 525, 601, 614, 625, 704, 780, 910, 956]
