[3, 3, 4, 8, 11, 11, 17, 22, 33, 34, 34, 39, 43, 47, 54, 59, 82, 84, 85, 93, 96, 102, 104, 115, 133, 139, 150, 152, 154, 156, 178, 184, 187, 188, 192, 203, 204, 207, 208, 219, 229, 229, 238, 245, 248, 254, 273, 275, 280, 281, 284, 287, 287, 298, 345, 479, 593, 645, 1137, 1150, 2176, 2341, 2639, 3143, 3411]
