[27, 39, 59, 60, 61, 67, 72, 78, 79, 90, 114, 124, 125, 128, 136, 137, 152, 153, 157, 169, 170, 173, 175, 176, 177, 178, 178, 186, 187, 191, 197, 198, 221, 225, 229, 244, 245, 262, 263, 271, 275, 277, 279, 281, 282, 289, 289, 297, 486, 535, 692, 1062, 1074, 1140, 1351, 1662, 1854, 2281, 2423, 2530, 5136, 13267, 18317]
