[0, 2, 5, 6, 10, 16, 16, 19, 21, 24, 35, 37, 42, 44, 46, 47, 49, 49, 51, 52, 55, 60, 64, 69, 69, 70, 71, 82, 85, 93, 93, 95, 95, 185, 304, 328, 340, 348, 377, 395, 432, 438, 461, 463, 544, 793, 854, 919]
